// Jest Snapshot v1, https://jestjs.io/docs/snapshot-testing

exports[`GithubActivity matches snapshot 1`] = `
<DocumentFragment>
  <section
    class="activitySection"
  >
    <h2
      class="pageTitle"
    >
      Work activity
    </h2>
    <div
      data-testid="github-calendar"
    />
  </section>
</DocumentFragment>
`;
