// Jest Snapshot v1, https://jestjs.io/docs/snapshot-testing

exports[`Skills matches snapshot 1`] = `
<DocumentFragment>
  <section>
    <div
      class="skillContainer"
    >
      <div
        class="skillGroup"
      >
        <h3>
          Frontend
        </h3>
         
        <ul
          class="skillList"
        >
          <li>
            <div
              class="label"
            >
              <label>
                React
              </label>
            </div>
            <div
              data-testid="progress"
              data-value="90"
            />
             
          </li>
          <li>
            <div
              class="label"
            >
              <label>
                TypeScript
              </label>
            </div>
            <div
              data-testid="progress"
              data-value="80"
            />
             
          </li>
        </ul>
      </div>
      <div
        class="skillGroup"
      >
        <h3>
          Backend
        </h3>
         
        <ul
          class="skillList"
        >
          <li>
            <div
              class="label"
            >
              <label>
                Node.js
              </label>
            </div>
            <div
              data-testid="progress"
              data-value="70"
            />
             
          </li>
        </ul>
      </div>
    </div>
  </section>
</DocumentFragment>
`;
