// Jest Snapshot v1, https://jestjs.io/docs/snapshot-testing

exports[`About Component matches the snapshot 1`] = `
<DocumentFragment>
  <section
    class="aboutSection"
  >
    <h2
      class="pageTitle"
    >
      About me
    </h2>
    <div
      class="aboutContainer"
    >
      <img
        alt="Photo of me"
      />
      <div>
        <p>
          I architect and deliver full-stack systems — from greenfield design to production.
        </p>
        <ul
          class="bioBullets"
        >
          <li>
            Full-stack ownership: system architecture, REST APIs, and frontend products
          </li>
          <li>
            Engineering leadership across government agencies, media companies, and tech startups
          </li>
        </ul>
      </div>
    </div>
  </section>
</DocumentFragment>
`;
